{
  "dataset": "dogs",
  "protocol": "for each source condition select layer/alpha on source validation; refit source train+valid; transfer unchanged to every paired target test",
  "conditions": [
    "full_0-8k",
    "lp_0-1000",
    "lp_0-2000",
    "lp_0-4000",
    "lp_0-6000",
    "lp_0-8000"
  ],
  "n_test": 139,
  "source_selections": {
    "full_0-8k": {
      "selected_layer": 10,
      "alpha": 100.0,
      "validation_macro_f1": 0.8624210572036658
    },
    "lp_0-1000": {
      "selected_layer": 11,
      "alpha": 100.0,
      "validation_macro_f1": 0.8547798875369207
    },
    "lp_0-2000": {
      "selected_layer": 15,
      "alpha": 100.0,
      "validation_macro_f1": 0.824627622212021
    },
    "lp_0-4000": {
      "selected_layer": 12,
      "alpha": 100.0,
      "validation_macro_f1": 0.8719739977865073
    },
    "lp_0-6000": {
      "selected_layer": 7,
      "alpha": 10.0,
      "validation_macro_f1": 0.8654749272286585
    },
    "lp_0-8000": {
      "selected_layer": 17,
      "alpha": 100.0,
      "validation_macro_f1": 0.8521188354129532
    }
  },
  "accuracy_matrix": [
    [
      0.9280575539568345,
      0.4028776978417266,
      0.5971223021582733,
      0.8129496402877698,
      0.920863309352518,
      0.9136690647482014
    ],
    [
      0.38848920863309355,
      0.8776978417266187,
      0.49640287769784175,
      0.28776978417266186,
      0.33093525179856115,
      0.381294964028777
    ],
    [
      0.7050359712230215,
      0.43884892086330934,
      0.9136690647482014,
      0.7482014388489209,
      0.7122302158273381,
      0.7266187050359713
    ],
    [
      0.8705035971223022,
      0.34532374100719426,
      0.7338129496402878,
      0.9136690647482014,
      0.8776978417266187,
      0.8776978417266187
    ],
    [
      0.8345323741007195,
      0.3381294964028777,
      0.539568345323741,
      0.7769784172661871,
      0.8920863309352518,
      0.7985611510791367
    ],
    [
      0.9280575539568345,
      0.37410071942446044,
      0.7410071942446043,
      0.8561151079136691,
      0.9136690647482014,
      0.9496402877697842
    ]
  ],
  "source_selected_accuracy_matrix": [
    [
      0.9280575539568345,
      0.4028776978417266,
      0.5971223021582733,
      0.8129496402877698,
      0.920863309352518,
      0.9136690647482014
    ],
    [
      0.38848920863309355,
      0.8776978417266187,
      0.49640287769784175,
      0.28776978417266186,
      0.33093525179856115,
      0.381294964028777
    ],
    [
      0.7050359712230215,
      0.43884892086330934,
      0.9136690647482014,
      0.7482014388489209,
      0.7122302158273381,
      0.7266187050359713
    ],
    [
      0.8705035971223022,
      0.34532374100719426,
      0.7338129496402878,
      0.9136690647482014,
      0.8776978417266187,
      0.8776978417266187
    ],
    [
      0.8345323741007195,
      0.3381294964028777,
      0.539568345323741,
      0.7769784172661871,
      0.8920863309352518,
      0.7985611510791367
    ],
    [
      0.9280575539568345,
      0.37410071942446044,
      0.7410071942446043,
      0.8561151079136691,
      0.9136690647482014,
      0.9496402877697842
    ]
  ],
  "diagonal_reproduction": {
    "full_0-8k": {
      "matrix_accuracy": 0.9280575539568345,
      "registered_accuracy": 0.9280575539568345,
      "absolute_difference": 0.0
    },
    "lp_0-1000": {
      "matrix_accuracy": 0.8776978417266187,
      "registered_accuracy": 0.8776978417266187,
      "absolute_difference": 0.0
    },
    "lp_0-2000": {
      "matrix_accuracy": 0.9136690647482014,
      "registered_accuracy": 0.9136690647482014,
      "absolute_difference": 0.0
    },
    "lp_0-4000": {
      "matrix_accuracy": 0.9136690647482014,
      "registered_accuracy": 0.9136690647482014,
      "absolute_difference": 0.0
    },
    "lp_0-6000": {
      "matrix_accuracy": 0.8920863309352518,
      "registered_accuracy": 0.8920863309352518,
      "absolute_difference": 0.0
    },
    "lp_0-8000": {
      "matrix_accuracy": 0.9496402877697842,
      "registered_accuracy": 0.9496402877697842,
      "absolute_difference": 0.0
    }
  },
  "full_shared_hyperparameters": {
    "selected_layer": 10,
    "alpha": 100.0
  },
  "full_shared_accuracy_matrix": [
    [
      0.9280575539568345,
      0.4028776978417266,
      0.5971223021582733,
      0.8129496402877698,
      0.920863309352518,
      0.9136690647482014
    ],
    [
      0.302158273381295,
      0.8776978417266187,
      0.4460431654676259,
      0.2589928057553957,
      0.2949640287769784,
      0.2733812949640288
    ],
    [
      0.6906474820143885,
      0.4892086330935252,
      0.920863309352518,
      0.7769784172661871,
      0.7553956834532374,
      0.7266187050359713
    ],
    [
      0.8561151079136691,
      0.37410071942446044,
      0.7697841726618705,
      0.9064748201438849,
      0.8489208633093526,
      0.8776978417266187
    ],
    [
      0.920863309352518,
      0.39568345323741005,
      0.7338129496402878,
      0.920863309352518,
      0.9424460431654677,
      0.8920863309352518
    ],
    [
      0.935251798561151,
      0.3597122302158273,
      0.5827338129496403,
      0.8057553956834532,
      0.8848920863309353,
      0.9280575539568345
    ]
  ]
}
