{
  "dataset": "watkins",
  "protocol": "for each source condition select layer/alpha on source validation; refit source train+valid; transfer unchanged to every paired target test",
  "conditions": [
    "full_0-8k",
    "lp_0-1000",
    "lp_0-2000",
    "lp_0-4000",
    "lp_0-6000",
    "lp_0-8000"
  ],
  "n_test": 339,
  "source_selections": {
    "full_0-8k": {
      "selected_layer": 8,
      "alpha": 100.0,
      "validation_macro_f1": 0.875463043577195
    },
    "lp_0-1000": {
      "selected_layer": 11,
      "alpha": 100.0,
      "validation_macro_f1": 0.7614486602532429
    },
    "lp_0-2000": {
      "selected_layer": 19,
      "alpha": 100.0,
      "validation_macro_f1": 0.820619772657303
    },
    "lp_0-4000": {
      "selected_layer": 9,
      "alpha": 100.0,
      "validation_macro_f1": 0.8570209793688149
    },
    "lp_0-6000": {
      "selected_layer": 12,
      "alpha": 100.0,
      "validation_macro_f1": 0.8801200644862581
    },
    "lp_0-8000": {
      "selected_layer": 21,
      "alpha": 10.0,
      "validation_macro_f1": 0.8796018398371832
    }
  },
  "accuracy_matrix": [
    [
      0.8820058997050148,
      0.09734513274336283,
      0.24188790560471976,
      0.7109144542772862,
      0.8259587020648967,
      0.8672566371681416
    ],
    [
      0.20353982300884957,
      0.7404129793510325,
      0.48672566371681414,
      0.2448377581120944,
      0.22123893805309736,
      0.20058997050147492
    ],
    [
      0.4365781710914454,
      0.43952802359882004,
      0.7787610619469026,
      0.5368731563421829,
      0.4837758112094395,
      0.40412979351032446
    ],
    [
      0.6814159292035398,
      0.11209439528023599,
      0.39233038348082594,
      0.8584070796460177,
      0.8200589970501475,
      0.6371681415929203
    ],
    [
      0.8082595870206489,
      0.09734513274336283,
      0.3480825958702065,
      0.8495575221238938,
      0.8672566371681416,
      0.7699115044247787
    ],
    [
      0.8436578171091446,
      0.0943952802359882,
      0.2536873156342183,
      0.6371681415929203,
      0.7492625368731564,
      0.8407079646017699
    ]
  ],
  "source_selected_accuracy_matrix": [
    [
      0.8820058997050148,
      0.09734513274336283,
      0.24188790560471976,
      0.7109144542772862,
      0.8259587020648967,
      0.8672566371681416
    ],
    [
      0.20353982300884957,
      0.7404129793510325,
      0.48672566371681414,
      0.2448377581120944,
      0.22123893805309736,
      0.20058997050147492
    ],
    [
      0.4365781710914454,
      0.43952802359882004,
      0.7787610619469026,
      0.5368731563421829,
      0.4837758112094395,
      0.40412979351032446
    ],
    [
      0.6814159292035398,
      0.11209439528023599,
      0.39233038348082594,
      0.8584070796460177,
      0.8200589970501475,
      0.6371681415929203
    ],
    [
      0.8082595870206489,
      0.09734513274336283,
      0.3480825958702065,
      0.8495575221238938,
      0.8672566371681416,
      0.7699115044247787
    ],
    [
      0.8436578171091446,
      0.0943952802359882,
      0.2536873156342183,
      0.6371681415929203,
      0.7492625368731564,
      0.8407079646017699
    ]
  ],
  "diagonal_reproduction": {
    "full_0-8k": {
      "matrix_accuracy": 0.8820058997050148,
      "registered_accuracy": 0.8820058997050148,
      "absolute_difference": 0.0
    },
    "lp_0-1000": {
      "matrix_accuracy": 0.7404129793510325,
      "registered_accuracy": 0.7404129793510325,
      "absolute_difference": 0.0
    },
    "lp_0-2000": {
      "matrix_accuracy": 0.7787610619469026,
      "registered_accuracy": 0.7787610619469026,
      "absolute_difference": 0.0
    },
    "lp_0-4000": {
      "matrix_accuracy": 0.8584070796460177,
      "registered_accuracy": 0.8584070796460177,
      "absolute_difference": 0.0
    },
    "lp_0-6000": {
      "matrix_accuracy": 0.8672566371681416,
      "registered_accuracy": 0.8672566371681416,
      "absolute_difference": 0.0
    },
    "lp_0-8000": {
      "matrix_accuracy": 0.8407079646017699,
      "registered_accuracy": 0.8407079646017699,
      "absolute_difference": 0.0
    }
  },
  "full_shared_hyperparameters": {
    "selected_layer": 8,
    "alpha": 100.0
  },
  "full_shared_accuracy_matrix": [
    [
      0.8820058997050148,
      0.09734513274336283,
      0.24188790560471976,
      0.7109144542772862,
      0.8259587020648967,
      0.8672566371681416
    ],
    [
      0.23008849557522124,
      0.7551622418879056,
      0.4837758112094395,
      0.2536873156342183,
      0.23893805309734514,
      0.2153392330383481
    ],
    [
      0.4424778761061947,
      0.4306784660766962,
      0.8112094395280236,
      0.5309734513274337,
      0.49852507374631266,
      0.4277286135693215
    ],
    [
      0.6873156342182891,
      0.11209439528023599,
      0.40412979351032446,
      0.8495575221238938,
      0.8082595870206489,
      0.6106194690265486
    ],
    [
      0.7964601769911505,
      0.09734513274336283,
      0.3215339233038348,
      0.8289085545722714,
      0.8820058997050148,
      0.7669616519174042
    ],
    [
      0.8436578171091446,
      0.09144542772861357,
      0.23303834808259588,
      0.7020648967551623,
      0.8053097345132744,
      0.8820058997050148
    ]
  ]
}
